// Jest Snapshot v1, https://goo.gl/fbAQLP

exports[`Home page matches snapshot 1`] = `
<DocumentFragment>
  <main>
    <button>
      Test Button
    </button>
  </main>
</DocumentFragment>
`;
